Testing DB Registration...
Creating user with email: test_1765940832092@example.com
node.exe : Error creating user: {
At line:1 char:1
+ & "C:\nvm4w\nodejs/node.exe" "C:\nv
m4w\nodejs/node_modules/npm/bin/np 
...
+ ~~~~~~~~~~~~~~~~~~~~~~~~~~~~~~~~~~~
~~~~~~~~~~~~~~~~~~~~~~~~~~~~~~~~~~
    + CategoryInfo          : NotSpe 
   cified: (Error creating user: {:  
  String) [], RemoteException
    + FullyQualifiedErrorId : Native 
   CommandError
 
  "code": "P2022",
  "meta": {
    "modelName": "Pengguna",
    "column": "pengguna.foto"
  },
  "clientVersion": "6.19.1",
  "name": 
"PrismaClientKnownRequestError"
}
Error message: 
Invalid `prisma.pengguna.create()` 
invocation in
E:\Care-Pet\carepet-app\test-db.ts:12
:44

   9 
  10 try {
  11     console.log('Creating user 
with email:', email);
ΓåÆ 12     const user = await 
prisma.pengguna.create(
The column `pengguna.foto` does not 
exist in the current database.
Error stack: 
PrismaClientKnownRequestError: 
Invalid `prisma.pengguna.create()` 
invocation in
E:\Care-Pet\carepet-app\test-db.ts:12
:44

   9 
  10 try {
  11     console.log('Creating user 
with email:', email);
ΓåÆ 12     const user = await 
prisma.pengguna.create(
The column `pengguna.foto` does not 
exist in the current database.
    at ei.handleRequestError (E:\Care
-Pet\carepet-app\node_modules\@prisma
\client\src\runtime\RequestHandler.ts
:228:13)
    at ei.handleAndLogRequestError (E
:\Care-Pet\carepet-app\node_modules\@
prisma\client\src\runtime\RequestHand
ler.ts:174:12)
    at ei.request (E:\Care-Pet\carepe
t-app\node_modules\@prisma\client\src
\runtime\RequestHandler.ts:143:12)
    at async a (E:\Care-Pet\carepet-a
pp\node_modules\@prisma\client\src\ru
ntime\getPrismaClient.ts:833:24)
    at async main (E:\Care-Pet\carepe
t-app\test-db.ts:12:22)
